{
  "loss": 1.0119881629943848,
  "seconds": 1.4719657999812625,
  "mask_statistics": {
    "family_counts": {
      "time_block": 0,
      "channel_dropout": 0,
      "rectangle": 1
    },
    "family_fractions": {
      "time_block": 0.0,
      "channel_dropout": 0.0,
      "rectangle": 1.0
    },
    "windows_seen": 1,
    "requested_ratio_mean": {
      "time_block": 0.0,
      "channel_dropout": 0.0,
      "rectangle": 0.7261067032814026
    },
    "observed_points_by_family": {
      "time_block": 0,
      "channel_dropout": 0,
      "rectangle": 7296
    },
    "target_points_by_family": {
      "time_block": 0,
      "channel_dropout": 0,
      "rectangle": 5330
    },
    "actual_target_fraction_by_family": {
      "time_block": 0.0,
      "channel_dropout": 0.0,
      "rectangle": 0.7305372807017544
    },
    "observed_points": 7296,
    "target_points": 5330,
    "actual_target_fraction": 0.7305372807017544
  }
}
