{
  "status": "completed",
  "run_dir": "F:\\2026\u5c0f\u5b66\u671f\\CSDI\\baseline_results\\gpvae\\physio_missing0.5_seed1_fold1_trainobserved\\run_table2_crps100_decoder_sample\\models\\260707_run_table2_crps100_decoder_sample",
  "test": {
    "mae": 0.5485391020774841,
    "mse": 0.6428459286689758,
    "crps": 0.6254901088339683,
    "eval_points": 130694,
    "num_samples": 100
  },
  "table2_metric": {
    "name": "CRPS",
    "value": 0.6254901088339683,
    "paper_reference": {
      "table": "CSDI Table 2",
      "baseline": "GP-VAE",
      "healthcare_10_percent_missing": "0.574(0.003)",
      "healthcare_50_percent_missing": "0.774(0.004)",
      "healthcare_90_percent_missing": "0.998(0.001)"
    }
  },
  "gpvae_results_tsv": {
    "nll": 1.2615563,
    "mse": 0.6193917,
    "auprc": 0.32860383377345426,
    "auroc": 0.7179404838364376
  }
}
