reuse existing result: ratio=0.1 fold=0
D:\python\python.exe repro_baselines/brits/prepare_brits_physio.py --missing-ratio 0.1 --seed 1 --nfold 1 --outdir F:\2026小学期\CSDI\baseline_results\brits\physio_missing0.1_seed1_fold1
{
  "missing_ratio": 0.1,
  "seed": 1,
  "nfold": 1,
  "num_records": 3997,
  "raw_set_a_records": 4000,
  "skipped_record_ids": [
    140501,
    140936,
    141264
  ],
  "splits": {
    "train": {
      "num_records": 2797,
      "eval_points": 90335,
      "first_record_id": 139010
    },
    "valid": {
      "num_records": 401,
      "eval_points": 12872,
      "first_record_id": 136176
    },
    "test": {
      "num_records": 799,
      "eval_points": 25833,
      "first_record_id": 140468
    }
  }
}
D:\python\python.exe repro_baselines/brits/run_brits_physio.py --data-dir F:\2026小学期\CSDI\baseline_results\brits\physio_missing0.1_seed1_fold1 --output-dir F:\2026小学期\CSDI\baseline_results\brits\physio_missing0.1_seed1_fold1\run_patience30 --max-epochs 300 --patience 30 --min-delta 0.0 --batch-size 64 --hid-size 108 --impute-weight 0.3 --label-weight 1.0 --seed 1 --device cuda:0
D:\python\python.exe repro_baselines/brits/prepare_brits_physio.py --missing-ratio 0.1 --seed 1 --nfold 2 --outdir F:\2026小学期\CSDI\baseline_results\brits\physio_missing0.1_seed1_fold2
{
  "missing_ratio": 0.1,
  "seed": 1,
  "nfold": 2,
  "num_records": 3997,
  "raw_set_a_records": 4000,
  "skipped_record_ids": [
    140501,
    140936,
    141264
  ],
  "splits": {
    "train": {
      "num_records": 2797,
      "eval_points": 90355,
      "first_record_id": 139954
    },
    "valid": {
      "num_records": 400,
      "eval_points": 12883,
      "first_record_id": 138699
    },
    "test": {
      "num_records": 800,
      "eval_points": 25802,
      "first_record_id": 136581
    }
  }
}
D:\python\python.exe repro_baselines/brits/run_brits_physio.py --data-dir F:\2026小学期\CSDI\baseline_results\brits\physio_missing0.1_seed1_fold2 --output-dir F:\2026小学期\CSDI\baseline_results\brits\physio_missing0.1_seed1_fold2\run_patience30 --max-epochs 300 --patience 30 --min-delta 0.0 --batch-size 64 --hid-size 108 --impute-weight 0.3 --label-weight 1.0 --seed 1 --device cuda:0
D:\python\python.exe repro_baselines/brits/prepare_brits_physio.py --missing-ratio 0.1 --seed 1 --nfold 3 --outdir F:\2026小学期\CSDI\baseline_results\brits\physio_missing0.1_seed1_fold3
{
  "missing_ratio": 0.1,
  "seed": 1,
  "nfold": 3,
  "num_records": 3997,
  "raw_set_a_records": 4000,
  "skipped_record_ids": [
    140501,
    140936,
    141264
  ],
  "splits": {
    "train": {
      "num_records": 2797,
      "eval_points": 90321,
      "first_record_id": 139010
    },
    "valid": {
      "num_records": 401,
      "eval_points": 12893,
      "first_record_id": 136176
    },
    "test": {
      "num_records": 799,
      "eval_points": 25826,
      "first_record_id": 138127
    }
  }
}
D:\python\python.exe repro_baselines/brits/run_brits_physio.py --data-dir F:\2026小学期\CSDI\baseline_results\brits\physio_missing0.1_seed1_fold3 --output-dir F:\2026小学期\CSDI\baseline_results\brits\physio_missing0.1_seed1_fold3\run_patience30 --max-epochs 300 --patience 30 --min-delta 0.0 --batch-size 64 --hid-size 108 --impute-weight 0.3 --label-weight 1.0 --seed 1 --device cuda:0
