epoch=0 train_loss=60.964421 valid_mae=0.653737 valid_auc=0.479601
epoch=1 train_loss=57.599702 valid_mae=0.624826 valid_auc=0.491331
epoch=2 train_loss=55.465911 valid_mae=0.600460 valid_auc=0.564365
epoch=3 train_loss=53.895792 valid_mae=0.578467 valid_auc=0.580804
epoch=4 train_loss=52.944637 valid_mae=0.576750 valid_auc=0.588724
epoch=5 train_loss=52.278506 valid_mae=0.559245 valid_auc=0.605463
epoch=6 train_loss=51.883535 valid_mae=0.556275 valid_auc=0.614239
epoch=7 train_loss=51.311130 valid_mae=0.551791 valid_auc=0.663813
epoch=8 train_loss=51.199982 valid_mae=0.552541 valid_auc=0.654480
epoch=9 train_loss=51.019000 valid_mae=0.549731 valid_auc=0.680637
epoch=10 train_loss=50.808612 valid_mae=0.545407 valid_auc=0.667023
epoch=11 train_loss=50.567375 valid_mae=0.544392 valid_auc=0.701914
epoch=12 train_loss=50.283102 valid_mae=0.540343 valid_auc=0.717539
epoch=13 train_loss=50.188975 valid_mae=0.537769 valid_auc=0.722206
epoch=14 train_loss=49.923094 valid_mae=0.542251 valid_auc=0.736633
epoch=15 train_loss=49.861851 valid_mae=0.536039 valid_auc=0.739758
epoch=16 train_loss=49.725899 valid_mae=0.539917 valid_auc=0.742540
epoch=17 train_loss=49.643782 valid_mae=0.536813 valid_auc=0.736461
epoch=18 train_loss=49.560743 valid_mae=0.537661 valid_auc=0.753500
epoch=19 train_loss=49.369993 valid_mae=0.535388 valid_auc=0.752601
epoch=20 train_loss=49.311659 valid_mae=0.535041 valid_auc=0.762918
epoch=21 train_loss=49.146067 valid_mae=0.534293 valid_auc=0.755127
epoch=22 train_loss=49.060283 valid_mae=0.533874 valid_auc=0.773749
epoch=23 train_loss=48.980921 valid_mae=0.532649 valid_auc=0.761248
epoch=24 train_loss=48.818400 valid_mae=0.531655 valid_auc=0.758038
epoch=25 train_loss=48.711156 valid_mae=0.530868 valid_auc=0.774776
epoch=26 train_loss=48.597373 valid_mae=0.531272 valid_auc=0.769339
epoch=27 train_loss=48.543834 valid_mae=0.529187 valid_auc=0.769083
epoch=28 train_loss=48.443465 valid_mae=0.531595 valid_auc=0.765615
epoch=29 train_loss=48.174532 valid_mae=0.523083 valid_auc=0.764545
epoch=30 train_loss=48.173258 valid_mae=0.524563 valid_auc=0.761719
epoch=31 train_loss=48.166271 valid_mae=0.526005 valid_auc=0.765615
epoch=32 train_loss=48.148115 valid_mae=0.524614 valid_auc=0.755512
epoch=33 train_loss=48.007491 valid_mae=0.524314 valid_auc=0.754741
epoch=34 train_loss=47.906731 valid_mae=0.524714 valid_auc=0.775633
epoch=35 train_loss=47.758334 valid_mae=0.524649 valid_auc=0.770881
epoch=36 train_loss=47.641424 valid_mae=0.521050 valid_auc=0.771480
epoch=37 train_loss=47.553640 valid_mae=0.519689 valid_auc=0.779742
epoch=38 train_loss=47.411287 valid_mae=0.522736 valid_auc=0.779357
epoch=39 train_loss=47.333208 valid_mae=0.522516 valid_auc=0.774562
epoch=40 train_loss=47.125323 valid_mae=0.520904 valid_auc=0.776788
epoch=41 train_loss=47.270095 valid_mae=0.519213 valid_auc=0.771095
epoch=42 train_loss=47.066656 valid_mae=0.521412 valid_auc=0.761805
epoch=43 train_loss=47.077365 valid_mae=0.519353 valid_auc=0.779999
epoch=44 train_loss=47.087437 valid_mae=0.520547 valid_auc=0.781155
epoch=45 train_loss=46.869628 valid_mae=0.519764 valid_auc=0.778758
epoch=46 train_loss=46.835015 valid_mae=0.519161 valid_auc=0.788133
epoch=47 train_loss=46.788008 valid_mae=0.517825 valid_auc=0.795839
epoch=48 train_loss=46.684089 valid_mae=0.515733 valid_auc=0.750246
epoch=49 train_loss=46.669237 valid_mae=0.517248 valid_auc=0.781412
epoch=50 train_loss=46.520133 valid_mae=0.517304 valid_auc=0.769896
epoch=51 train_loss=46.566212 valid_mae=0.516156 valid_auc=0.754827
epoch=52 train_loss=46.503899 valid_mae=0.516325 valid_auc=0.775418
epoch=53 train_loss=46.427834 valid_mae=0.519588 valid_auc=0.780941
epoch=54 train_loss=46.306629 valid_mae=0.519152 valid_auc=0.772122
epoch=55 train_loss=46.214992 valid_mae=0.517336 valid_auc=0.750974
epoch=56 train_loss=46.182703 valid_mae=0.521876 valid_auc=0.771223
epoch=57 train_loss=46.182318 valid_mae=0.517152 valid_auc=0.772251
epoch=58 train_loss=46.017957 valid_mae=0.520550 valid_auc=0.781112
epoch=59 train_loss=45.928570 valid_mae=0.516646 valid_auc=0.777431
epoch=60 train_loss=45.886984 valid_mae=0.516901 valid_auc=0.771180
epoch=61 train_loss=45.797858 valid_mae=0.517156 valid_auc=0.773620
epoch=62 train_loss=45.795192 valid_mae=0.517435 valid_auc=0.773107
epoch=63 train_loss=45.730710 valid_mae=0.519011 valid_auc=0.775333
epoch=64 train_loss=45.483694 valid_mae=0.520177 valid_auc=0.763089
epoch=65 train_loss=45.633661 valid_mae=0.518075 valid_auc=0.776146
epoch=66 train_loss=45.429061 valid_mae=0.517784 valid_auc=0.769339
epoch=67 train_loss=45.429953 valid_mae=0.518414 valid_auc=0.788818
epoch=68 train_loss=45.381620 valid_mae=0.518058 valid_auc=0.770923
epoch=69 train_loss=45.316458 valid_mae=0.518597 valid_auc=0.782482
epoch=70 train_loss=45.198286 valid_mae=0.517950 valid_auc=0.778886
epoch=71 train_loss=45.200474 valid_mae=0.518934 valid_auc=0.772208
epoch=72 train_loss=45.068398 valid_mae=0.517625 valid_auc=0.770110
epoch=73 train_loss=45.027666 valid_mae=0.517878 valid_auc=0.768526
epoch=74 train_loss=44.838864 valid_mae=0.518398 valid_auc=0.758466
epoch=75 train_loss=44.785643 valid_mae=0.517742 valid_auc=0.771780
epoch=76 train_loss=44.739061 valid_mae=0.519450 valid_auc=0.779357
epoch=77 train_loss=44.813656 valid_mae=0.521850 valid_auc=0.765572
epoch=78 train_loss=44.648454 valid_mae=0.521527 valid_auc=0.747934
early_stop epoch=78 best_epoch=48 best_valid_mae=0.515733 patience=30
{
  "early_stopped": true,
  "stopped_epoch": 78,
  "best_epoch": 48,
  "best_valid_mae": 0.5157333488068703,
  "max_epochs": 300,
  "patience": 30,
  "min_delta": 0.0,
  "valid": {
    "mae": 0.5157333488068703,
    "mre": 0.7330414463572883,
    "auc": 0.7502461577978511,
    "eval_points": 117462,
    "num_records": 400
  },
  "test": {
    "mae": 0.5163767202614457,
    "mre": 0.7345110586275607,
    "auc": 0.7759599994334198,
    "eval_points": 235545,
    "num_records": 800
  },
  "target_paper_mae_10_missing": 0.284
}
