{
  "status": "completed",
  "run_dir": "F:\\2026\u5c0f\u5b66\u671f\\CSDI\\baseline_results\\gpvae\\physio_missing0.5_seed1_fold0\\run_table2_crps100_decoder_sample\\models\\260707_run_table2_crps100_decoder_sample",
  "test": {
    "mae": 0.5306286215782166,
    "mse": 0.7391924262046814,
    "crps": 0.6154709538493794,
    "eval_points": 130214,
    "num_samples": 100
  },
  "table2_metric": {
    "name": "CRPS",
    "value": 0.6154709538493794,
    "paper_reference": {
      "table": "CSDI Table 2",
      "baseline": "GP-VAE",
      "healthcare_10_percent_missing": "0.574(0.003)",
      "healthcare_50_percent_missing": "0.774(0.004)",
      "healthcare_90_percent_missing": "0.998(0.001)"
    }
  },
  "gpvae_results_tsv": {
    "nll": 1.3089427,
    "mse": 0.72644824,
    "auprc": 0.3381624752174113,
    "auroc": 0.7439236542571698
  }
}
