{
  "status": "completed",
  "run_dir": "F:\\2026\u5c0f\u5b66\u671f\\CSDI\\baseline_results\\gpvae\\physio_missing0.1_seed1_fold4\\run_table2_crps100_decoder_sample\\models\\260707_run_table2_crps100_decoder_sample",
  "test": {
    "mae": 0.4818475842475891,
    "mse": 0.5580626726150513,
    "crps": 0.5812307569132398,
    "eval_points": 25861,
    "num_samples": 100
  },
  "table2_metric": {
    "name": "CRPS",
    "value": 0.5812307569132398,
    "paper_reference": {
      "table": "CSDI Table 2",
      "baseline": "GP-VAE",
      "healthcare_10_percent_missing": "0.574(0.003)",
      "healthcare_50_percent_missing": "0.774(0.004)",
      "healthcare_90_percent_missing": "0.998(0.001)"
    }
  },
  "gpvae_results_tsv": {
    "nll": 1.2168154,
    "mse": 0.54273653,
    "auprc": 0.2858615877194557,
    "auroc": 0.7056304859773067
  }
}
