epoch=0 train_loss=57.490438 valid_mae=0.542612 valid_auc=0.466416
epoch=1 train_loss=48.954423 valid_mae=0.496434 valid_auc=0.678325
epoch=2 train_loss=45.371314 valid_mae=0.462713 valid_auc=0.749133
epoch=3 train_loss=43.111805 valid_mae=0.435036 valid_auc=0.759664
epoch=4 train_loss=41.618594 valid_mae=0.419038 valid_auc=0.778030
epoch=5 train_loss=40.677590 valid_mae=0.409779 valid_auc=0.810865
epoch=6 train_loss=40.017961 valid_mae=0.404081 valid_auc=0.814119
epoch=7 train_loss=39.471417 valid_mae=0.399959 valid_auc=0.824136
epoch=8 train_loss=39.112624 valid_mae=0.395892 valid_auc=0.807226
epoch=9 train_loss=38.778444 valid_mae=0.392596 valid_auc=0.822124
epoch=10 train_loss=38.511272 valid_mae=0.389611 valid_auc=0.817972
epoch=11 train_loss=38.228557 valid_mae=0.387216 valid_auc=0.808040
epoch=12 train_loss=37.978774 valid_mae=0.384261 valid_auc=0.819085
epoch=13 train_loss=37.806314 valid_mae=0.382348 valid_auc=0.819556
epoch=14 train_loss=37.601880 valid_mae=0.381699 valid_auc=0.816388
epoch=15 train_loss=37.427303 valid_mae=0.380046 valid_auc=0.821396
epoch=16 train_loss=37.322120 valid_mae=0.378006 valid_auc=0.809795
epoch=17 train_loss=37.124510 valid_mae=0.377530 valid_auc=0.821910
epoch=18 train_loss=37.015347 valid_mae=0.377186 valid_auc=0.812620
epoch=19 train_loss=36.865521 valid_mae=0.378301 valid_auc=0.807569
epoch=20 train_loss=36.817802 valid_mae=0.376322 valid_auc=0.816645
epoch=21 train_loss=36.712513 valid_mae=0.375611 valid_auc=0.816045
epoch=22 train_loss=36.621920 valid_mae=0.374994 valid_auc=0.810865
epoch=23 train_loss=36.550759 valid_mae=0.374674 valid_auc=0.814333
epoch=24 train_loss=36.427705 valid_mae=0.374138 valid_auc=0.808767
epoch=25 train_loss=36.367522 valid_mae=0.373135 valid_auc=0.820283
epoch=26 train_loss=36.300028 valid_mae=0.371235 valid_auc=0.805685
epoch=27 train_loss=36.212852 valid_mae=0.372282 valid_auc=0.813220
epoch=28 train_loss=36.141325 valid_mae=0.371359 valid_auc=0.815360
epoch=29 train_loss=36.086432 valid_mae=0.370780 valid_auc=0.810608
epoch=30 train_loss=36.082179 valid_mae=0.370215 valid_auc=0.814033
epoch=31 train_loss=36.004747 valid_mae=0.369793 valid_auc=0.805386
epoch=32 train_loss=35.937364 valid_mae=0.369991 valid_auc=0.809452
epoch=33 train_loss=35.858996 valid_mae=0.369723 valid_auc=0.812749
epoch=34 train_loss=35.811814 valid_mae=0.369536 valid_auc=0.797765
epoch=35 train_loss=35.764576 valid_mae=0.369764 valid_auc=0.801276
epoch=36 train_loss=35.740221 valid_mae=0.370161 valid_auc=0.806541
epoch=37 train_loss=35.707097 valid_mae=0.368935 valid_auc=0.809324
epoch=38 train_loss=35.661063 valid_mae=0.368941 valid_auc=0.804786
epoch=39 train_loss=35.569399 valid_mae=0.369419 valid_auc=0.803545
epoch=40 train_loss=35.501574 valid_mae=0.369340 valid_auc=0.795325
epoch=41 train_loss=35.494314 valid_mae=0.368080 valid_auc=0.791429
epoch=42 train_loss=35.483668 valid_mae=0.368765 valid_auc=0.800334
epoch=43 train_loss=35.493578 valid_mae=0.368835 valid_auc=0.796567
epoch=44 train_loss=35.422057 valid_mae=0.368486 valid_auc=0.810052
epoch=45 train_loss=35.340875 valid_mae=0.367414 valid_auc=0.807440
epoch=46 train_loss=35.278820 valid_mae=0.368746 valid_auc=0.789803
epoch=47 train_loss=35.270126 valid_mae=0.368348 valid_auc=0.799050
epoch=48 train_loss=35.177795 valid_mae=0.367786 valid_auc=0.792029
epoch=49 train_loss=35.140703 valid_mae=0.368626 valid_auc=0.812492
epoch=50 train_loss=35.100588 valid_mae=0.367171 valid_auc=0.789845
epoch=51 train_loss=35.081587 valid_mae=0.367215 valid_auc=0.792457
epoch=52 train_loss=35.053829 valid_mae=0.367935 valid_auc=0.789931
epoch=53 train_loss=35.066312 valid_mae=0.368350 valid_auc=0.786335
epoch=54 train_loss=34.960958 valid_mae=0.367175 valid_auc=0.792714
epoch=55 train_loss=34.969369 valid_mae=0.367467 valid_auc=0.782782
epoch=56 train_loss=34.929513 valid_mae=0.367684 valid_auc=0.768141
epoch=57 train_loss=34.929432 valid_mae=0.367604 valid_auc=0.762190
epoch=58 train_loss=34.933612 valid_mae=0.368319 valid_auc=0.780641
epoch=59 train_loss=34.884640 valid_mae=0.367857 valid_auc=0.791044
epoch=60 train_loss=34.825071 valid_mae=0.367100 valid_auc=0.789375
epoch=61 train_loss=34.738563 valid_mae=0.367074 valid_auc=0.790231
epoch=62 train_loss=34.683366 valid_mae=0.367271 valid_auc=0.779785
epoch=63 train_loss=34.685171 valid_mae=0.367811 valid_auc=0.780170
epoch=64 train_loss=34.656270 valid_mae=0.367144 valid_auc=0.769939
epoch=65 train_loss=34.617542 valid_mae=0.366537 valid_auc=0.781241
epoch=66 train_loss=34.556370 valid_mae=0.366350 valid_auc=0.765058
epoch=67 train_loss=34.544099 valid_mae=0.367377 valid_auc=0.765957
epoch=68 train_loss=34.547611 valid_mae=0.367233 valid_auc=0.779614
epoch=69 train_loss=34.500819 valid_mae=0.366219 valid_auc=0.764288
epoch=70 train_loss=34.457879 valid_mae=0.367004 valid_auc=0.748748
epoch=71 train_loss=34.438074 valid_mae=0.365999 valid_auc=0.780384
epoch=72 train_loss=34.431987 valid_mae=0.367299 valid_auc=0.790830
epoch=73 train_loss=34.400233 valid_mae=0.366456 valid_auc=0.749390
epoch=74 train_loss=34.382296 valid_mae=0.365716 valid_auc=0.770495
epoch=75 train_loss=34.340092 valid_mae=0.367342 valid_auc=0.752558
epoch=76 train_loss=34.469540 valid_mae=0.366641 valid_auc=0.778458
epoch=77 train_loss=34.312550 valid_mae=0.366794 valid_auc=0.751445
epoch=78 train_loss=34.261609 valid_mae=0.366385 valid_auc=0.756753
epoch=79 train_loss=34.190787 valid_mae=0.365738 valid_auc=0.767199
epoch=80 train_loss=34.172212 valid_mae=0.366458 valid_auc=0.746308
epoch=81 train_loss=34.132104 valid_mae=0.365873 valid_auc=0.780513
epoch=82 train_loss=34.233001 valid_mae=0.366506 valid_auc=0.760906
epoch=83 train_loss=34.112020 valid_mae=0.366226 valid_auc=0.755597
epoch=84 train_loss=34.117967 valid_mae=0.366522 valid_auc=0.745280
epoch=85 train_loss=34.090302 valid_mae=0.366297 valid_auc=0.763945
epoch=86 train_loss=34.097679 valid_mae=0.366031 valid_auc=0.765615
epoch=87 train_loss=34.015152 valid_mae=0.366229 valid_auc=0.777345
epoch=88 train_loss=34.025668 valid_mae=0.366972 valid_auc=0.764159
epoch=89 train_loss=34.082119 valid_mae=0.367263 valid_auc=0.762832
epoch=90 train_loss=33.977044 valid_mae=0.366778 valid_auc=0.755341
epoch=91 train_loss=34.308251 valid_mae=0.368099 valid_auc=0.755041
epoch=92 train_loss=34.158055 valid_mae=0.366060 valid_auc=0.762276
epoch=93 train_loss=33.953982 valid_mae=0.366042 valid_auc=0.748577
epoch=94 train_loss=34.146169 valid_mae=0.368515 valid_auc=0.744510
epoch=95 train_loss=34.093905 valid_mae=0.366397 valid_auc=0.755041
epoch=96 train_loss=34.198995 valid_mae=0.368217 valid_auc=0.758594
epoch=97 train_loss=34.009423 valid_mae=0.366512 valid_auc=0.748705
epoch=98 train_loss=33.832392 valid_mae=0.365130 valid_auc=0.771137
epoch=99 train_loss=33.762686 valid_mae=0.365704 valid_auc=0.761890
epoch=100 train_loss=33.730534 valid_mae=0.366489 valid_auc=0.734278
epoch=101 train_loss=33.757890 valid_mae=0.366851 valid_auc=0.755983
epoch=102 train_loss=33.754867 valid_mae=0.366238 valid_auc=0.765786
epoch=103 train_loss=33.736887 valid_mae=0.367417 valid_auc=0.726529
epoch=104 train_loss=33.721091 valid_mae=0.366155 valid_auc=0.748363
epoch=105 train_loss=33.620774 valid_mae=0.366308 valid_auc=0.745751
epoch=106 train_loss=33.538042 valid_mae=0.366513 valid_auc=0.742754
epoch=107 train_loss=33.488488 valid_mae=0.366392 valid_auc=0.748534
epoch=108 train_loss=33.525243 valid_mae=0.367020 valid_auc=0.748662
epoch=109 train_loss=33.520540 valid_mae=0.368371 valid_auc=0.750332
epoch=110 train_loss=33.684443 valid_mae=0.366848 valid_auc=0.746693
epoch=111 train_loss=33.604772 valid_mae=0.367016 valid_auc=0.750803
epoch=112 train_loss=33.535722 valid_mae=0.366784 valid_auc=0.749133
epoch=113 train_loss=33.693285 valid_mae=0.368044 valid_auc=0.727985
epoch=114 train_loss=33.659971 valid_mae=0.367434 valid_auc=0.749989
epoch=115 train_loss=33.498711 valid_mae=0.367104 valid_auc=0.731752
epoch=116 train_loss=33.407300 valid_mae=0.367533 valid_auc=0.729269
epoch=117 train_loss=33.566455 valid_mae=0.366575 valid_auc=0.746136
epoch=118 train_loss=33.443621 valid_mae=0.367454 valid_auc=0.735905
epoch=119 train_loss=33.532062 valid_mae=0.368073 valid_auc=0.747121
epoch=120 train_loss=33.475508 valid_mae=0.367143 valid_auc=0.738859
epoch=121 train_loss=33.348151 valid_mae=0.366179 valid_auc=0.737574
epoch=122 train_loss=33.298783 valid_mae=0.366897 valid_auc=0.732523
epoch=123 train_loss=33.243495 valid_mae=0.367037 valid_auc=0.735862
epoch=124 train_loss=33.296700 valid_mae=0.367522 valid_auc=0.729655
epoch=125 train_loss=33.363733 valid_mae=0.367737 valid_auc=0.741170
epoch=126 train_loss=33.280037 valid_mae=0.367792 valid_auc=0.744381
epoch=127 train_loss=33.161208 valid_mae=0.367520 valid_auc=0.730896
epoch=128 train_loss=33.130298 valid_mae=0.367014 valid_auc=0.743054
early_stop epoch=128 best_epoch=98 best_valid_mae=0.365130 patience=30
{
  "early_stopped": true,
  "stopped_epoch": 128,
  "best_epoch": 98,
  "best_valid_mae": 0.36513000279168645,
  "max_epochs": 300,
  "patience": 30,
  "min_delta": 0.0,
  "valid": {
    "mae": 0.36513000279168645,
    "mre": 0.5176993621582348,
    "auc": 0.7711374630763302,
    "eval_points": 65260,
    "num_records": 400
  },
  "test": {
    "mae": 0.3615863214104409,
    "mre": 0.5130114177099522,
    "auc": 0.8355500786130114,
    "eval_points": 130866,
    "num_records": 800
  },
  "target_paper_mae_10_missing": 0.284
}
