{
  "status": "completed",
  "run_dir": "F:\\2026\u5c0f\u5b66\u671f\\CSDI\\baseline_results\\gpvae\\physio_missing0.1_seed1_fold1\\run_table2_crps100\\models\\260707_run_table2_crps100",
  "test": {
    "mae": 0.45775461196899414,
    "mse": 0.48661091923713684,
    "crps": 0.542486264835591,
    "eval_points": 25833,
    "num_samples": 100
  },
  "table2_metric": {
    "name": "CRPS",
    "value": 0.542486264835591,
    "paper_reference": {
      "table": "CSDI Table 2",
      "baseline": "GP-VAE",
      "healthcare_10_percent_missing": "0.574(0.003)",
      "healthcare_50_percent_missing": "0.774(0.004)",
      "healthcare_90_percent_missing": "0.998(0.001)"
    }
  },
  "gpvae_results_tsv": {
    "nll": 1.1893001,
    "mse": 0.48566666,
    "auprc": 0.329464797934265,
    "auroc": 0.695247270391779
  }
}
