epoch=0 train_loss=55.701774 valid_mae=0.491325 valid_auc=0.509580
epoch=1 train_loss=45.272485 valid_mae=0.427721 valid_auc=0.763439
epoch=2 train_loss=40.939823 valid_mae=0.386725 valid_auc=0.812547
epoch=3 train_loss=38.468799 valid_mae=0.358553 valid_auc=0.834449
epoch=4 train_loss=36.956195 valid_mae=0.343524 valid_auc=0.836496
epoch=5 train_loss=35.948411 valid_mae=0.333419 valid_auc=0.835658
epoch=6 train_loss=35.231183 valid_mae=0.326251 valid_auc=0.842820
epoch=7 train_loss=34.670211 valid_mae=0.322236 valid_auc=0.848865
epoch=8 train_loss=34.246423 valid_mae=0.318622 valid_auc=0.832729
epoch=9 train_loss=33.861831 valid_mae=0.314545 valid_auc=0.835147
epoch=10 train_loss=33.511241 valid_mae=0.309843 valid_auc=0.837100
epoch=11 train_loss=33.226207 valid_mae=0.307940 valid_auc=0.825614
epoch=12 train_loss=32.926811 valid_mae=0.305599 valid_auc=0.830683
epoch=13 train_loss=32.671982 valid_mae=0.302528 valid_auc=0.830032
epoch=14 train_loss=32.498024 valid_mae=0.300131 valid_auc=0.845285
epoch=15 train_loss=32.251048 valid_mae=0.297846 valid_auc=0.840355
epoch=16 train_loss=32.076693 valid_mae=0.296603 valid_auc=0.846680
epoch=17 train_loss=31.865730 valid_mae=0.295453 valid_auc=0.834217
epoch=18 train_loss=31.721921 valid_mae=0.293477 valid_auc=0.833612
epoch=19 train_loss=31.583506 valid_mae=0.292438 valid_auc=0.838123
epoch=20 train_loss=31.464195 valid_mae=0.290058 valid_auc=0.837798
epoch=21 train_loss=31.340646 valid_mae=0.290266 valid_auc=0.832775
epoch=22 train_loss=31.195470 valid_mae=0.289145 valid_auc=0.841983
epoch=23 train_loss=31.131237 valid_mae=0.288626 valid_auc=0.836449
epoch=24 train_loss=31.044767 valid_mae=0.287891 valid_auc=0.826916
epoch=25 train_loss=30.932916 valid_mae=0.286584 valid_auc=0.828637
epoch=26 train_loss=30.853238 valid_mae=0.285092 valid_auc=0.844401
epoch=27 train_loss=30.793469 valid_mae=0.285246 valid_auc=0.824219
epoch=28 train_loss=30.707883 valid_mae=0.284052 valid_auc=0.822219
epoch=29 train_loss=30.617088 valid_mae=0.284209 valid_auc=0.835938
epoch=30 train_loss=30.561187 valid_mae=0.283711 valid_auc=0.825707
epoch=31 train_loss=30.465592 valid_mae=0.283390 valid_auc=0.838356
epoch=32 train_loss=30.397256 valid_mae=0.282890 valid_auc=0.835891
epoch=33 train_loss=30.351317 valid_mae=0.282107 valid_auc=0.834263
epoch=34 train_loss=30.252787 valid_mae=0.281443 valid_auc=0.825939
epoch=35 train_loss=30.230229 valid_mae=0.281946 valid_auc=0.826776
epoch=36 train_loss=30.171033 valid_mae=0.281565 valid_auc=0.826172
epoch=37 train_loss=30.104129 valid_mae=0.280463 valid_auc=0.822173
epoch=38 train_loss=30.053369 valid_mae=0.280746 valid_auc=0.835984
epoch=39 train_loss=30.038714 valid_mae=0.279733 valid_auc=0.824172
epoch=40 train_loss=29.925613 valid_mae=0.279503 valid_auc=0.851795
epoch=41 train_loss=29.883306 valid_mae=0.278430 valid_auc=0.825009
epoch=42 train_loss=29.871855 valid_mae=0.279159 valid_auc=0.822080
epoch=43 train_loss=29.780415 valid_mae=0.278864 valid_auc=0.822591
epoch=44 train_loss=29.728756 valid_mae=0.278333 valid_auc=0.823382
epoch=45 train_loss=29.683907 valid_mae=0.278303 valid_auc=0.816360
epoch=46 train_loss=29.687812 valid_mae=0.278235 valid_auc=0.829985
epoch=47 train_loss=29.615436 valid_mae=0.277467 valid_auc=0.820917
epoch=48 train_loss=29.575247 valid_mae=0.277421 valid_auc=0.825660
epoch=49 train_loss=29.522779 valid_mae=0.278291 valid_auc=0.804315
epoch=50 train_loss=29.434658 valid_mae=0.277918 valid_auc=0.811802
epoch=51 train_loss=29.397509 valid_mae=0.276909 valid_auc=0.784831
epoch=52 train_loss=29.376015 valid_mae=0.277748 valid_auc=0.821475
epoch=53 train_loss=29.409077 valid_mae=0.279496 valid_auc=0.800502
epoch=54 train_loss=29.379082 valid_mae=0.276993 valid_auc=0.808036
epoch=55 train_loss=29.319740 valid_mae=0.277190 valid_auc=0.806036
epoch=56 train_loss=29.318957 valid_mae=0.278386 valid_auc=0.839053
epoch=57 train_loss=29.296179 valid_mae=0.278112 valid_auc=0.820173
epoch=58 train_loss=29.138510 valid_mae=0.276971 valid_auc=0.809477
epoch=59 train_loss=29.115224 valid_mae=0.277192 valid_auc=0.817615
epoch=60 train_loss=29.122214 valid_mae=0.276895 valid_auc=0.803432
epoch=61 train_loss=29.003278 valid_mae=0.276910 valid_auc=0.810314
epoch=62 train_loss=28.986271 valid_mae=0.277056 valid_auc=0.804967
epoch=63 train_loss=28.949724 valid_mae=0.277146 valid_auc=0.810779
epoch=64 train_loss=28.977272 valid_mae=0.277576 valid_auc=0.815895
epoch=65 train_loss=28.918941 valid_mae=0.277504 valid_auc=0.811105
epoch=66 train_loss=28.948547 valid_mae=0.277439 valid_auc=0.810826
epoch=67 train_loss=28.934382 valid_mae=0.278255 valid_auc=0.817011
epoch=68 train_loss=28.909806 valid_mae=0.280695 valid_auc=0.781017
epoch=69 train_loss=28.895685 valid_mae=0.277121 valid_auc=0.812267
epoch=70 train_loss=28.846022 valid_mae=0.278988 valid_auc=0.800456
epoch=71 train_loss=28.774847 valid_mae=0.278332 valid_auc=0.776879
epoch=72 train_loss=28.758807 valid_mae=0.279273 valid_auc=0.803850
epoch=73 train_loss=28.769529 valid_mae=0.278000 valid_auc=0.805106
epoch=74 train_loss=28.719689 valid_mae=0.278474 valid_auc=0.782645
epoch=75 train_loss=28.622469 valid_mae=0.278055 valid_auc=0.816127
epoch=76 train_loss=28.549518 valid_mae=0.277721 valid_auc=0.800223
epoch=77 train_loss=28.575204 valid_mae=0.278160 valid_auc=0.808361
epoch=78 train_loss=28.561387 valid_mae=0.279053 valid_auc=0.775623
epoch=79 train_loss=28.595757 valid_mae=0.279257 valid_auc=0.781250
epoch=80 train_loss=28.509944 valid_mae=0.278543 valid_auc=0.786737
epoch=81 train_loss=28.501958 valid_mae=0.278313 valid_auc=0.795108
epoch=82 train_loss=28.513251 valid_mae=0.278424 valid_auc=0.788504
epoch=83 train_loss=28.444871 valid_mae=0.277979 valid_auc=0.801665
epoch=84 train_loss=28.393443 valid_mae=0.277867 valid_auc=0.792736
epoch=85 train_loss=28.366854 valid_mae=0.277993 valid_auc=0.784319
epoch=86 train_loss=28.346489 valid_mae=0.279206 valid_auc=0.788783
epoch=87 train_loss=28.363748 valid_mae=0.279051 valid_auc=0.787528
epoch=88 train_loss=28.315464 valid_mae=0.278458 valid_auc=0.779669
epoch=89 train_loss=28.357119 valid_mae=0.278470 valid_auc=0.791806
epoch=90 train_loss=28.298665 valid_mae=0.278751 valid_auc=0.789109
early_stop epoch=90 best_epoch=60 best_valid_mae=0.276895 patience=30
{
  "early_stopped": true,
  "stopped_epoch": 90,
  "best_epoch": 60,
  "best_valid_mae": 0.27689460437375807,
  "max_epochs": 300,
  "patience": 30,
  "min_delta": 0.0,
  "valid": {
    "mae": 0.27689460437375807,
    "mre": 0.4008096097910743,
    "auc": 0.8034319196428572,
    "eval_points": 12883,
    "num_records": 400
  },
  "test": {
    "mae": 0.2762607895404398,
    "mre": 0.3979384600669478,
    "auc": 0.7869857142857143,
    "eval_points": 25802,
    "num_records": 800
  },
  "target_paper_mae_10_missing": 0.284
}
