{
  "status": "completed",
  "run_dir": "F:\\2026\u5c0f\u5b66\u671f\\CSDI\\baseline_results\\gpvae\\physio_missing0.5_seed1_fold2_trainobserved\\run_table2_crps100_decoder_sample\\models\\260707_run_table2_crps100_decoder_sample",
  "test": {
    "mae": 0.5438960194587708,
    "mse": 0.6684098839759827,
    "crps": 0.6309359133189618,
    "eval_points": 130631,
    "num_samples": 100
  },
  "table2_metric": {
    "name": "CRPS",
    "value": 0.6309359133189618,
    "paper_reference": {
      "table": "CSDI Table 2",
      "baseline": "GP-VAE",
      "healthcare_10_percent_missing": "0.574(0.003)",
      "healthcare_50_percent_missing": "0.774(0.004)",
      "healthcare_90_percent_missing": "0.998(0.001)"
    }
  },
  "gpvae_results_tsv": {
    "nll": 1.2762084,
    "mse": 0.6466015,
    "auprc": 0.1855240249064882,
    "auroc": 0.658197139938713
  }
}
