Testing:  False 	 Seed: 1
Full exp name:  260708_run_table2_crps100_decoder_sample
GPU support:  False
Training...
Model: "sequential"
_________________________________________________________________
Layer (type)                 Output Shape              Param #   
=================================================================
conv1d (Conv1D)              multiple                  107648    
_________________________________________________________________
dense (Dense)                multiple                  16512     
_________________________________________________________________
dense_1 (Dense)              multiple                  13545     
=================================================================
Total params: 137,705
Trainable params: 137,705
Non-trainable params: 0
_________________________________________________________________
Encoder:  None
Model: "sequential_1"
_________________________________________________________________
Layer (type)                 Output Shape              Param #   
=================================================================
dense_2 (Dense)              multiple                  9216      
_________________________________________________________________
dense_3 (Dense)              multiple                  65792     
_________________________________________________________________
dense_4 (Dense)              multiple                  8995      
=================================================================
Total params: 84,003
Trainable params: 84,003
Non-trainable params: 0
_________________________________________________________________
Decoder:  None
================================================
Learning rate: 0.001 | Global gradient norm: 6284.82
Step 0) Time = 1.086184
Train loss = 58325.734 | NLL = 47.578 | KL = 291390.812
Validation loss = 58368.355 | NLL = 49.175 | KL = 291595.875
MSE miss: 0.9681 | AUROC: 0.5476
================================================
Learning rate: 0.001 | Global gradient norm: 12407.13
Step 43) Time = 39.948333
Train loss = 29979.232 | NLL = 48.346 | KL = 149654.438
Validation loss = 29483.693 | NLL = 44.231 | KL = 147197.312
MSE miss: 0.9444 | AUROC: 0.5445
================================================
Learning rate: 0.001 | Global gradient norm: 768.33
Step 86) Time = 45.902621
Train loss = 21407.387 | NLL = 43.807 | KL = 106817.891
Validation loss = 21395.637 | NLL = 43.093 | KL = 106762.711
MSE miss: 0.8931 | AUROC: 0.5559
================================================
Learning rate: 0.001 | Global gradient norm: 353.83
Step 129) Time = 50.668735
Train loss = 21313.090 | NLL = 60.669 | KL = 106262.102
Validation loss = 21275.188 | NLL = 44.067 | KL = 106155.594
MSE miss: 0.8931 | AUROC: 0.5603
================================================
Learning rate: 0.001 | Global gradient norm: 162.66
Step 172) Time = 58.587167
Train loss = 21251.648 | NLL = 47.396 | KL = 106021.266
Validation loss = 21245.816 | NLL = 43.390 | KL = 106012.125
MSE miss: 0.8770 | AUROC: 0.5274
================================================
Learning rate: 0.001 | Global gradient norm: 152.43
Step 215) Time = 65.968225
Train loss = 21252.781 | NLL = 53.803 | KL = 105994.883
Validation loss = 21233.498 | NLL = 42.799 | KL = 105953.500
MSE miss: 0.8591 | AUROC: 0.5562
================================================
Learning rate: 0.001 | Global gradient norm: 89.85
Step 258) Time = 64.398259
Train loss = 21234.293 | NLL = 48.086 | KL = 105931.016
Validation loss = 21224.324 | NLL = 41.007 | KL = 105916.578
MSE miss: 0.8485 | AUROC: 0.5396
================================================
Learning rate: 0.001 | Global gradient norm: 70.54
Step 301) Time = 45.651937
Train loss = 21220.160 | NLL = 40.374 | KL = 105898.930
Validation loss = 21233.137 | NLL = 43.927 | KL = 105946.047
MSE miss: 0.8365 | AUROC: 0.5354
================================================
Learning rate: 0.001 | Global gradient norm: 55.23
Step 344) Time = 45.070297
Train loss = 21217.865 | NLL = 41.032 | KL = 105884.156
Validation loss = 21219.723 | NLL = 42.857 | KL = 105884.328
MSE miss: 0.8291 | AUROC: 0.5418
================================================
Learning rate: 0.001 | Global gradient norm: 47.88
Step 387) Time = 50.909707
Train loss = 21221.699 | NLL = 46.382 | KL = 105876.594
Validation loss = 21216.980 | NLL = 41.974 | KL = 105875.031
MSE miss: 0.8287 | AUROC: 0.5425
================================================
Learning rate: 0.001 | Global gradient norm: 41.15
Step 430) Time = 77.090583
Train loss = 21216.322 | NLL = 42.547 | KL = 105868.875
Validation loss = 21216.176 | NLL = 42.653 | KL = 105867.594
MSE miss: 0.8254 | AUROC: 0.5303
================================================
Learning rate: 0.0005 | Global gradient norm: 38.40
Step 473) Time = 77.310095
Train loss = 21217.396 | NLL = 43.133 | KL = 105871.312
Validation loss = 21214.889 | NLL = 42.131 | KL = 105863.789
MSE miss: 0.8220 | AUROC: 0.5222
================================================
Learning rate: 0.0005 | Global gradient norm: 30.38
Step 516) Time = 76.364112
Train loss = 21216.455 | NLL = 43.805 | KL = 105863.250
Validation loss = 21213.416 | NLL = 40.923 | KL = 105862.453
MSE miss: 0.8229 | AUROC: 0.5283
================================================
Learning rate: 0.0005 | Global gradient norm: 33.08
Step 559) Time = 77.098191
Train loss = 21215.662 | NLL = 42.985 | KL = 105863.375
Validation loss = 21211.990 | NLL = 40.078 | KL = 105859.562
MSE miss: 0.8188 | AUROC: 0.5178
================================================
Learning rate: 0.0005 | Global gradient norm: 27.72
Step 602) Time = 76.867923
Train loss = 21215.133 | NLL = 43.351 | KL = 105858.891
Validation loss = 21218.049 | NLL = 43.174 | KL = 105874.375
MSE miss: 0.8197 | AUROC: 0.5159
================================================
Learning rate: 0.0005 | Global gradient norm: 26.37
Step 645) Time = 76.448739
Train loss = 21216.023 | NLL = 44.720 | KL = 105856.523
Validation loss = 21213.451 | NLL = 42.139 | KL = 105856.562
MSE miss: 0.8196 | AUROC: 0.5276
================================================
Learning rate: 0.0005 | Global gradient norm: 24.75
Step 688) Time = 77.412909
Train loss = 21213.023 | NLL = 41.808 | KL = 105856.062
Validation loss = 21212.438 | NLL = 41.377 | KL = 105855.305
MSE miss: 0.8179 | AUROC: 0.5159
================================================
Learning rate: 0.0005 | Global gradient norm: 21.09
Step 731) Time = 76.511028
Train loss = 21213.986 | NLL = 43.418 | KL = 105852.844
Validation loss = 21212.863 | NLL = 42.087 | KL = 105853.875
MSE miss: 0.8164 | AUROC: 0.5093
================================================
Learning rate: 0.0005 | Global gradient norm: 21.69
Step 774) Time = 76.180612
Train loss = 21212.336 | NLL = 41.620 | KL = 105853.586
Validation loss = 21211.949 | NLL = 41.566 | KL = 105851.914
MSE miss: 0.8164 | AUROC: 0.5203
================================================
Learning rate: 0.0005 | Global gradient norm: 19.39
Step 817) Time = 77.071615
Train loss = 21213.047 | NLL = 42.742 | KL = 105851.531
Validation loss = 21211.207 | NLL = 40.903 | KL = 105851.508
MSE miss: 0.8151 | AUROC: 0.5068
================================================
Learning rate: 0.0005 | Global gradient norm: 20.71
Step 860) Time = 66.573393
Train loss = 21215.912 | NLL = 45.828 | KL = 105850.414
Validation loss = 21209.535 | NLL = 39.470 | KL = 105850.312
MSE miss: 0.8150 | AUROC: 0.5017
================================================
Learning rate: 0.00025 | Global gradient norm: 18.74
Step 903) Time = 50.838202
Train loss = 21214.998 | NLL = 45.027 | KL = 105849.844
Validation loss = 21214.527 | NLL = 42.669 | KL = 105859.281
MSE miss: 0.8154 | AUROC: 0.5076
================================================
Learning rate: 0.00025 | Global gradient norm: 19.99
Step 946) Time = 45.213045
Train loss = 21211.623 | NLL = 41.475 | KL = 105850.734
Validation loss = 21211.980 | NLL = 42.106 | KL = 105849.375
MSE miss: 0.8144 | AUROC: 0.5042
================================================
Learning rate: 0.00025 | Global gradient norm: 16.51
Step 989) Time = 56.520883
Train loss = 21210.832 | NLL = 41.103 | KL = 105848.648
Validation loss = 21210.971 | NLL = 41.155 | KL = 105849.078
MSE miss: 0.8150 | AUROC: 0.5029
================================================
Learning rate: 0.00025 | Global gradient norm: 19.06
Step 1032) Time = 47.697904
Train loss = 21209.477 | NLL = 39.663 | KL = 105849.062
Validation loss = 21211.598 | NLL = 41.829 | KL = 105848.828
MSE miss: 0.8134 | AUROC: 0.5083
================================================
Learning rate: 0.00025 | Global gradient norm: 15.59
Step 1075) Time = 60.235160
Train loss = 21211.615 | NLL = 42.071 | KL = 105847.703
Validation loss = 21210.928 | NLL = 41.363 | KL = 105847.828
MSE miss: 0.8147 | AUROC: 0.5081
================================================
Learning rate: 0.00025 | Global gradient norm: 16.20
Step 1118) Time = 47.817832
Train loss = 21209.635 | NLL = 40.090 | KL = 105847.719
Validation loss = 21210.484 | NLL = 40.899 | KL = 105847.930
MSE miss: 0.8145 | AUROC: 0.5061
================================================
Learning rate: 0.00025 | Global gradient norm: 15.34
Step 1161) Time = 47.285758
Train loss = 21211.234 | NLL = 41.754 | KL = 105847.398
Validation loss = 21208.973 | NLL = 39.492 | KL = 105847.398
MSE miss: 0.8123 | AUROC: 0.5032
================================================
Learning rate: 0.00025 | Global gradient norm: 28.90
Step 1204) Time = 45.236856
Train loss = 21224.613 | NLL = 54.677 | KL = 105849.672
Validation loss = 21213.254 | NLL = 42.449 | KL = 105854.016
MSE miss: 0.8133 | AUROC: 0.5005
================================================
Learning rate: 0.00025 | Global gradient norm: 34.35
Step 1247) Time = 45.210413
Train loss = 21227.723 | NLL = 58.296 | KL = 105847.141
Validation loss = 21211.104 | NLL = 41.781 | KL = 105846.617
MSE miss: 0.8129 | AUROC: 0.5010
================================================
Learning rate: 0.00025 | Global gradient norm: 14.61
Step 1290) Time = 44.845570
Train loss = 21209.828 | NLL = 40.483 | KL = 105846.719
Validation loss = 21210.158 | NLL = 40.867 | KL = 105846.453
MSE miss: 0.8140 | AUROC: 0.4966
================================================
Learning rate: 0.000125 | Global gradient norm: 18.22
Step 1333) Time = 45.215139
Train loss = 21213.018 | NLL = 43.707 | KL = 105846.547
Validation loss = 21211.076 | NLL = 41.777 | KL = 105846.500
MSE miss: 0.8135 | AUROC: 0.4998
================================================
Learning rate: 0.000125 | Global gradient norm: 17.98
Step 1376) Time = 45.172722
Train loss = 21220.557 | NLL = 51.242 | KL = 105846.570
Validation loss = 21210.594 | NLL = 41.438 | KL = 105845.781
MSE miss: 0.8140 | AUROC: 0.4983
================================================
Learning rate: 0.000125 | Global gradient norm: 13.77
Step 1419) Time = 44.829574
Train loss = 21212.332 | NLL = 43.121 | KL = 105846.047
Validation loss = 21209.914 | NLL = 40.695 | KL = 105846.094
MSE miss: 0.8143 | AUROC: 0.4993
================================================
Learning rate: 0.000125 | Global gradient norm: 14.90
Step 1462) Time = 44.198783
Train loss = 21210.270 | NLL = 41.038 | KL = 105846.156
Validation loss = 21208.748 | NLL = 39.580 | KL = 105845.836
MSE miss: 0.8139 | AUROC: 0.4973
================================================
Learning rate: 0.000125 | Global gradient norm: 14.71
Step 1505) Time = 44.981512
Train loss = 21209.725 | NLL = 40.524 | KL = 105846.000
Validation loss = 21212.828 | NLL = 42.560 | KL = 105851.328
MSE miss: 0.8137 | AUROC: 0.4985
================================================
Learning rate: 0.000125 | Global gradient norm: 14.46
Step 1548) Time = 43.639039
Train loss = 21212.258 | NLL = 43.158 | KL = 105845.500
Validation loss = 21210.922 | NLL = 41.868 | KL = 105845.266
MSE miss: 0.8146 | AUROC: 0.5000
================================================
Learning rate: 0.000125 | Global gradient norm: 14.39
Step 1591) Time = 48.265247
Train loss = 21210.789 | NLL = 41.666 | KL = 105845.609
Validation loss = 21209.828 | NLL = 40.764 | KL = 105845.328
MSE miss: 0.8142 | AUROC: 0.4968
================================================
Learning rate: 0.000125 | Global gradient norm: 16.07
Step 1634) Time = 47.608843
Train loss = 21213.201 | NLL = 43.968 | KL = 105846.156
Validation loss = 21210.711 | NLL = 41.627 | KL = 105845.422
MSE miss: 0.8142 | AUROC: 0.4968
================================================
Learning rate: 0.000125 | Global gradient norm: 12.67
Step 1677) Time = 48.335168
Train loss = 21211.027 | NLL = 42.053 | KL = 105844.875
Validation loss = 21210.055 | NLL = 41.086 | KL = 105844.836
MSE miss: 0.8140 | AUROC: 0.4927
================================================
Learning rate: 0.000125 | Global gradient norm: 13.67
Step 1720) Time = 45.473732
Train loss = 21211.727 | NLL = 42.690 | KL = 105845.180
Validation loss = 21209.398 | NLL = 40.381 | KL = 105845.078
MSE miss: 0.8142 | AUROC: 0.4890
Evaluation...
NLL miss: 1.3980
MSE miss: 0.9187
AUROC: 0.5693
AUPRC: 0.2427
Training finished.
