epoch=0 train_loss=60.757645 valid_mae=0.652185 valid_auc=0.434622
epoch=1 train_loss=57.477371 valid_mae=0.610279 valid_auc=0.519328
epoch=2 train_loss=55.222683 valid_mae=0.586289 valid_auc=0.520224
epoch=3 train_loss=53.724032 valid_mae=0.580184 valid_auc=0.511765
epoch=4 train_loss=52.882766 valid_mae=0.561785 valid_auc=0.541905
epoch=5 train_loss=52.306112 valid_mae=0.557119 valid_auc=0.545546
epoch=6 train_loss=51.869974 valid_mae=0.558190 valid_auc=0.573389
epoch=7 train_loss=51.480965 valid_mae=0.551944 valid_auc=0.611485
epoch=8 train_loss=51.145777 valid_mae=0.550776 valid_auc=0.632605
epoch=9 train_loss=51.008573 valid_mae=0.542591 valid_auc=0.668459
epoch=10 train_loss=50.738972 valid_mae=0.541305 valid_auc=0.629300
epoch=11 train_loss=50.435482 valid_mae=0.543845 valid_auc=0.652381
epoch=12 train_loss=50.252589 valid_mae=0.537925 valid_auc=0.673389
epoch=13 train_loss=50.078113 valid_mae=0.538752 valid_auc=0.687899
epoch=14 train_loss=49.996269 valid_mae=0.537304 valid_auc=0.710868
epoch=15 train_loss=49.974104 valid_mae=0.535893 valid_auc=0.699888
epoch=16 train_loss=49.758491 valid_mae=0.537729 valid_auc=0.696583
epoch=17 train_loss=49.784298 valid_mae=0.532181 valid_auc=0.714342
epoch=18 train_loss=49.451884 valid_mae=0.532291 valid_auc=0.735518
epoch=19 train_loss=49.513634 valid_mae=0.532049 valid_auc=0.670868
epoch=20 train_loss=49.290857 valid_mae=0.533149 valid_auc=0.718655
epoch=21 train_loss=49.236440 valid_mae=0.533664 valid_auc=0.711821
epoch=22 train_loss=49.221102 valid_mae=0.529360 valid_auc=0.756190
epoch=23 train_loss=48.952136 valid_mae=0.529617 valid_auc=0.710084
epoch=24 train_loss=48.942487 valid_mae=0.526669 valid_auc=0.750420
epoch=25 train_loss=48.856312 valid_mae=0.527666 valid_auc=0.729356
epoch=26 train_loss=48.774109 valid_mae=0.527364 valid_auc=0.738711
epoch=27 train_loss=48.751842 valid_mae=0.524254 valid_auc=0.727451
epoch=28 train_loss=48.589434 valid_mae=0.527606 valid_auc=0.738319
epoch=29 train_loss=48.456930 valid_mae=0.524370 valid_auc=0.754566
epoch=30 train_loss=48.348548 valid_mae=0.522777 valid_auc=0.754118
epoch=31 train_loss=48.264960 valid_mae=0.523631 valid_auc=0.758599
epoch=32 train_loss=48.175346 valid_mae=0.523666 valid_auc=0.751933
epoch=33 train_loss=48.135700 valid_mae=0.519789 valid_auc=0.743697
epoch=34 train_loss=48.007221 valid_mae=0.522530 valid_auc=0.768011
epoch=35 train_loss=47.958904 valid_mae=0.520323 valid_auc=0.747619
epoch=36 train_loss=47.833065 valid_mae=0.519052 valid_auc=0.780560
epoch=37 train_loss=47.712662 valid_mae=0.517843 valid_auc=0.737255
epoch=38 train_loss=47.675282 valid_mae=0.519491 valid_auc=0.775238
epoch=39 train_loss=47.554814 valid_mae=0.516135 valid_auc=0.764034
epoch=40 train_loss=47.506665 valid_mae=0.516081 valid_auc=0.774902
epoch=41 train_loss=47.367785 valid_mae=0.515193 valid_auc=0.772661
epoch=42 train_loss=47.270467 valid_mae=0.514835 valid_auc=0.774342
epoch=43 train_loss=47.333452 valid_mae=0.516337 valid_auc=0.774174
epoch=44 train_loss=47.249963 valid_mae=0.514163 valid_auc=0.766050
epoch=45 train_loss=47.122703 valid_mae=0.515018 valid_auc=0.771485
epoch=46 train_loss=47.010870 valid_mae=0.516369 valid_auc=0.769860
epoch=47 train_loss=46.889429 valid_mae=0.514724 valid_auc=0.745882
epoch=48 train_loss=46.839384 valid_mae=0.512440 valid_auc=0.764090
epoch=49 train_loss=46.771172 valid_mae=0.510582 valid_auc=0.760560
epoch=50 train_loss=46.726061 valid_mae=0.512309 valid_auc=0.744034
epoch=51 train_loss=46.607079 valid_mae=0.512670 valid_auc=0.765546
epoch=52 train_loss=46.488203 valid_mae=0.511156 valid_auc=0.749580
epoch=53 train_loss=46.427482 valid_mae=0.514079 valid_auc=0.765322
epoch=54 train_loss=46.335486 valid_mae=0.511617 valid_auc=0.757535
epoch=55 train_loss=46.237237 valid_mae=0.512023 valid_auc=0.740056
epoch=56 train_loss=46.204237 valid_mae=0.509385 valid_auc=0.751485
epoch=57 train_loss=46.171449 valid_mae=0.511591 valid_auc=0.744594
epoch=58 train_loss=46.112068 valid_mae=0.509620 valid_auc=0.745434
epoch=59 train_loss=45.945901 valid_mae=0.511917 valid_auc=0.753557
epoch=60 train_loss=45.854630 valid_mae=0.511623 valid_auc=0.753053
epoch=61 train_loss=45.819824 valid_mae=0.512895 valid_auc=0.736695
epoch=62 train_loss=45.726340 valid_mae=0.512581 valid_auc=0.727227
epoch=63 train_loss=45.615551 valid_mae=0.512682 valid_auc=0.758375
epoch=64 train_loss=45.539549 valid_mae=0.512190 valid_auc=0.748627
epoch=65 train_loss=45.606156 valid_mae=0.510011 valid_auc=0.740336
epoch=66 train_loss=45.529919 valid_mae=0.512006 valid_auc=0.757871
epoch=67 train_loss=45.535164 valid_mae=0.511749 valid_auc=0.735406
epoch=68 train_loss=45.329894 valid_mae=0.511246 valid_auc=0.718599
epoch=69 train_loss=45.338720 valid_mae=0.514452 valid_auc=0.743137
epoch=70 train_loss=45.216378 valid_mae=0.513077 valid_auc=0.731092
epoch=71 train_loss=45.206903 valid_mae=0.511660 valid_auc=0.722857
epoch=72 train_loss=45.056672 valid_mae=0.511668 valid_auc=0.743641
epoch=73 train_loss=45.068969 valid_mae=0.514013 valid_auc=0.739664
epoch=74 train_loss=45.096086 valid_mae=0.511371 valid_auc=0.730140
epoch=75 train_loss=44.774621 valid_mae=0.512016 valid_auc=0.730476
epoch=76 train_loss=44.696834 valid_mae=0.513871 valid_auc=0.711821
epoch=77 train_loss=44.678344 valid_mae=0.513457 valid_auc=0.721401
epoch=78 train_loss=44.626949 valid_mae=0.514477 valid_auc=0.727283
epoch=79 train_loss=44.540775 valid_mae=0.513900 valid_auc=0.707843
epoch=80 train_loss=44.423769 valid_mae=0.512854 valid_auc=0.715462
epoch=81 train_loss=44.396649 valid_mae=0.512654 valid_auc=0.714118
epoch=82 train_loss=44.383711 valid_mae=0.515492 valid_auc=0.718599
epoch=83 train_loss=44.332539 valid_mae=0.515241 valid_auc=0.729524
epoch=84 train_loss=44.123393 valid_mae=0.516101 valid_auc=0.703978
epoch=85 train_loss=44.217042 valid_mae=0.514013 valid_auc=0.717591
epoch=86 train_loss=44.077726 valid_mae=0.514303 valid_auc=0.717591
early_stop epoch=86 best_epoch=56 best_valid_mae=0.509385 patience=30
{
  "early_stopped": true,
  "stopped_epoch": 86,
  "best_epoch": 56,
  "best_valid_mae": 0.5093850964339693,
  "max_epochs": 300,
  "patience": 30,
  "min_delta": 0.0,
  "valid": {
    "mae": 0.5093850964339693,
    "mre": 0.7276309473679498,
    "auc": 0.751484593837535,
    "eval_points": 117212,
    "num_records": 401
  },
  "test": {
    "mae": 0.5192660269365429,
    "mre": 0.7318432049954474,
    "auc": 0.7355314935960096,
    "eval_points": 235245,
    "num_records": 799
  },
  "target_paper_mae_10_missing": 0.284
}
